// Vitest Snapshot v1, https://vitest.dev/guide/snapshot.html

exports[`onboarding > platform: every TMC with its client, staff and admin counts 1`] = `
{
  "items": [
    {
      "adminCount": 0,
      "clientCount": 0,
      "created_at": "2026-07-10T04:47:43.253Z",
      "id": "00000000-0000-0000-0000-000000000001",
      "name": "Amadeus",
      "staffCount": 0,
      "status": "active",
    },
    {
      "adminCount": 1,
      "clientCount": 9,
      "created_at": "2026-07-08T11:24:56.567Z",
      "id": "426e0538-f739-4563-872f-f01b3d327c7c",
      "name": "AMEX",
      "staffCount": 3,
      "status": "active",
    },
    {
      "adminCount": 1,
      "clientCount": 0,
      "created_at": "2026-07-08T11:19:34.255Z",
      "id": "60fe24ab-a014-42fc-b46c-61352940283f",
      "name": "AMEX",
      "staffCount": 1,
      "status": "inactive",
    },
    {
      "adminCount": 1,
      "clientCount": 0,
      "created_at": "2026-07-08T11:07:50.558Z",
      "id": "d3057db5-2850-463f-b366-0efecaec202f",
      "name": "AMEX",
      "staffCount": 1,
      "status": "inactive",
    },
    {
      "adminCount": 1,
      "clientCount": 0,
      "created_at": "2026-07-08T11:06:08.830Z",
      "id": "b708bde4-fb7c-4aa7-b182-fc601ddeaf3a",
      "name": "AMEX",
      "staffCount": 1,
      "status": "inactive",
    },
    {
      "adminCount": 1,
      "clientCount": 0,
      "created_at": "2026-07-08T10:58:33.546Z",
      "id": "e69ec65d-0fc5-4561-8574-e36718f35a41",
      "name": "AMEX",
      "staffCount": 1,
      "status": "inactive",
    },
    {
      "adminCount": 1,
      "clientCount": 0,
      "created_at": "2026-07-08T10:30:05.483Z",
      "id": "81288627-a527-4461-9641-4c213b2de31c",
      "name": "AMEX",
      "staffCount": 1,
      "status": "inactive",
    },
    {
      "adminCount": 1,
      "clientCount": 0,
      "created_at": "2026-07-08T10:05:48.244Z",
      "id": "b1c6206e-13c3-4071-b990-48c8fc2c6a13",
      "name": "AMEX",
      "staffCount": 1,
      "status": "inactive",
    },
    {
      "adminCount": 1,
      "clientCount": 0,
      "created_at": "2026-07-08T08:33:58.191Z",
      "id": "c4960d75-5c98-4f45-b53c-473bd3ddc9f1",
      "name": "AMEX",
      "staffCount": 1,
      "status": "inactive",
    },
    {
      "adminCount": 1,
      "clientCount": 0,
      "created_at": "2026-07-08T08:25:04.348Z",
      "id": "d08511ab-7c42-455c-b1ea-64a078ca630e",
      "name": "AMEX",
      "staffCount": 1,
      "status": "inactive",
    },
  ],
  "ok": true,
  "page": 1,
  "pageSize": 10,
  "total": 20,
  "totalPages": 2,
}
`;

exports[`onboarding > platform: one TMC, with its desk 1`] = `
{
  "ok": true,
  "staff": [
    {
      "created_at": "2026-07-15T07:22:12.985Z",
      "email": "employee.8159bb@example.test",
      "full_name": "Employee 8159bb",
      "id": "2669257f-ab87-4031-ab47-76e4af8e271b",
      "role": "tc",
      "status": "active",
    },
    {
      "created_at": "2026-07-15T12:10:58.708Z",
      "email": "employee.94ef72@example.test",
      "full_name": "Employee 94ef72",
      "id": "ad3c84ad-c596-4a24-bc1d-5567238fe970",
      "role": "tc",
      "status": "active",
    },
    {
      "created_at": "2026-07-08T11:25:00.168Z",
      "email": "employee.281282@example.test",
      "full_name": "Employee 281282",
      "id": "f425dc71-960b-4164-b87a-b4616d86406f",
      "role": "tmc_admin",
      "status": "active",
    },
  ],
  "tmc": {
    "created_at": "2026-07-08T11:24:56.567Z",
    "id": "426e0538-f739-4563-872f-f01b3d327c7c",
    "name": "AMEX",
    "status": "active",
  },
}
`;

exports[`onboarding > register company: the client, the default bands, and an active admin on the top one 1`] = `
[
  {
    "code": "L1",
    "rank": 1,
  },
  {
    "code": "L2",
    "rank": 2,
  },
  {
    "code": "L3",
    "rank": 3,
  },
  {
    "code": "L4",
    "rank": 4,
  },
  {
    "code": "L5",
    "rank": 5,
  },
]
`;

exports[`onboarding > register company: the client, the default bands, and an active admin on the top one 2`] = `
[
  {
    "band_code": "L5",
    "email": "sam.self@example.test",
    "role": "admin",
    "status": "active",
  },
]
`;

exports[`onboarding > staff csv: the download is the template 1`] = `
"email,full_name,role,status,permissions
employee.281282@example.test,Employee 281282,tmc_admin,active,
employee.8159bb@example.test,Employee 8159bb,tc,active,book_on_behalf;manage_approvals;manage_branches;manage_policy;manage_users;view_reports
employee.94ef72@example.test,Employee 94ef72,tc,active,book_on_behalf;manage_approvals;manage_branches;manage_policy;manage_users;view_reports"
`;
